// Jest Snapshot v1, https://goo.gl/fbAQLP

exports[`should return handle N repeated values 1`] = `
ListNode {
  "next": ListNode {
    "next": ListNode {
      "next": null,
      "val": 3,
    },
    "val": 2,
  },
  "val": 1,
}
`;

exports[`should return unchanged list when no values repeated 1`] = `
ListNode {
  "next": ListNode {
    "next": ListNode {
      "next": null,
      "val": 3,
    },
    "val": 2,
  },
  "val": 1,
}
`;

exports[`should return updated list when values repeated 1`] = `
ListNode {
  "next": ListNode {
    "next": ListNode {
      "next": null,
      "val": 3,
    },
    "val": 2,
  },
  "val": 1,
}
`;
